---
source: crates/narwhal-app/tests/snapshots.rs
expression: snapshot_core(&mut core)
---
┌ narwhal ───────────────────────┐┌ editor ────────────────────────────────────────────────────────────────────────────┐
│                                ││  1 │                                                                               │
│  no connections                ││                                                                                    │
│                                ││                                                                                    │
│  add one to connections.toml   ││                                                                                    │
│                                ││                                                                                    │
│                                ││                                                                                    │
│                                ││                                                                                    │
│                                ││                                                                                    │
│                                ││                                                                                    │
│                                ││                                                                                    │
│                                ││                                                                                    │
│                                ││                                                                                    │
│                                ││                                                                                    │
│                                ││                                                                                    │
│                                ││                                                                                    │
│                                │└────────────────────────────────────────────────────────────────────────────────────┘
│                                │┌ results ───────────────────────────────────────────────────────────────────────────┐
│                                ││  no results yet — Ctrl-; to run, :run-all for whole buffer                         │
│                                ││                                                                                    │
│                                ││                                                                                    │
│                                ││                                                                                    │
│                                ││                                                                                    │
│                                ││                                                                                    │
│                                ││                                                                                    │
│                                ││                                                                                    │
│                                ││                                                                                    │
│                                ││                                                                                    │
│                                ││                                                                                    │
│                                ││                                                                                    │
└────────────────────────────────┘└────────────────────────────────────────────────────────────────────────────────────┘
 NOR   editor │ (no connection) │ ready
